C:\Program Files\Microsoft Visual Studio\2022\Community\MSBuild\Microsoft\VC\v170\Microsoft.CppBuild.targets(517,5): warning MSB8028: The intermediate directory (Debug\) contains files shared from another project (Win32SimpleSample.vcxproj).  This can lead to incorrect clean and rebuild behavior.
  Camera.cpp
E:\GithubClones\WFFC-Edit-Michael-Ennis\WOFFCEdit\Camera.cpp(71,25): warning C4305: 'initializing': truncation from 'double' to 'float'
E:\GithubClones\WFFC-Edit-Michael-Ennis\WOFFCEdit\Camera.cpp(82,41): warning C4244: '=': conversion from 'double' to 'float', possible loss of data
E:\GithubClones\WFFC-Edit-Michael-Ennis\WOFFCEdit\Camera.cpp(83,28): warning C4244: '=': conversion from 'double' to 'float', possible loss of data
E:\GithubClones\WFFC-Edit-Michael-Ennis\WOFFCEdit\Camera.cpp(84,41): warning C4244: '=': conversion from 'double' to 'float', possible loss of data
E:\GithubClones\WFFC-Edit-Michael-Ennis\WOFFCEdit\Camera.cpp(113,2): error C2137: empty character constant
E:\GithubClones\WFFC-Edit-Michael-Ennis\WOFFCEdit\Camera.cpp(114,1): error C2143: syntax error: missing ';' before '}'
  DisplayChunk.cpp
E:\GithubClones\WFFC-Edit-Michael-Ennis\WOFFCEdit\DisplayChunk.cpp(14,50): warning C4305: '=': truncation from 'double' to 'float'
E:\GithubClones\WFFC-Edit-Michael-Ennis\WOFFCEdit\DisplayChunk.cpp(15,49): warning C4244: '=': conversion from 'int' to 'float', possible loss of data
E:\GithubClones\WFFC-Edit-Michael-Ennis\WOFFCEdit\DisplayChunk.cpp(74,185): warning C4244: 'argument': conversion from 'double' to 'float', possible loss of data
E:\GithubClones\WFFC-Edit-Michael-Ennis\WOFFCEdit\DisplayChunk.cpp(74,81): warning C4244: 'argument': conversion from 'double' to 'float', possible loss of data
E:\GithubClones\WFFC-Edit-Michael-Ennis\WOFFCEdit\DisplayChunk.cpp(94,10): warning C4996: 'fopen': This function or variable may be unsafe. Consider using fopen_s instead. To disable deprecation, use _CRT_SECURE_NO_WARNINGS. See online help for details.
E:\GithubClones\WFFC-Edit-Michael-Ennis\WOFFCEdit\DisplayChunk.cpp(152,10): warning C4996: 'fopen': This function or variable may be unsafe. Consider using fopen_s instead. To disable deprecation, use _CRT_SECURE_NO_WARNINGS. See online help for details.
E:\GithubClones\WFFC-Edit-Michael-Ennis\WOFFCEdit\DisplayChunk.cpp(189,30): warning C4101: 'index4': unreferenced local variable
E:\GithubClones\WFFC-Edit-Michael-Ennis\WOFFCEdit\DisplayChunk.cpp(189,14): warning C4101: 'index2': unreferenced local variable
E:\GithubClones\WFFC-Edit-Michael-Ennis\WOFFCEdit\DisplayChunk.cpp(189,22): warning C4101: 'index3': unreferenced local variable
E:\GithubClones\WFFC-Edit-Michael-Ennis\WOFFCEdit\DisplayChunk.cpp(189,6): warning C4101: 'index1': unreferenced local variable
  DisplayObject.cpp
